// Jest Snapshot v1, https://goo.gl/fbAQLP

exports[`pruebas en un elemento de la lista hacer match con el snapshot 1`] = `
<div>
  <li
    className="list-group-item"
    key="1"
  >
    <p
      className="undefined"
      onClick={[Function]}
    >
      2
      . 
      Aprender fastify
    </p>
    <button
      className="btn btn-danger"
      onClick={[Function]}
    >
      Borrar
    </button>
  </li>
</div>
`;
